BIOS-e820: [mem 0x0000000000000000-0x0000000000000fff] reserved
BIOS-e820: [mem 0x0000000000001000-0x000000000009ffff] usable
BIOS-e820: [mem 0x00000000000a0000-0x00000000000fffff] reserved
BIOS-e820: [mem 0x0000000000100000-0x0000000074b88fff] usable
BIOS-e820: [mem 0x0000000074b89000-0x0000000074c5cfff] reserved
BIOS-e820: [mem 0x0000000074c5d000-0x00000000762f6fff] usable
BIOS-e820: [mem 0x00000000762f7000-0x00000000762fefff] ACPI NVS
BIOS-e820: [mem 0x00000000762ff000-0x00000000766adfff] usable
BIOS-e820: [mem 0x00000000766ae000-0x00000000767f1fff] reserved
BIOS-e820: [mem 0x00000000767f2000-0x00000000767fcfff] usable
BIOS-e820: [mem 0x00000000767fd000-0x00000000767fdfff] ACPI data
BIOS-e820: [mem 0x00000000767fe000-0x0000000076b25fff] usable
BIOS-e820: [mem 0x0000000076b26000-0x00000000803fffff] reserved
BIOS-e820: [mem 0x00000000c0000000-0x00000000cfffffff] reserved
BIOS-e820: [mem 0x00000000f8000000-0x00000000f9ffffff] reserved
BIOS-e820: [mem 0x00000000fb000000-0x00000000fb000fff] reserved
BIOS-e820: [mem 0x00000000fe000000-0x00000000fe00ffff] reserved
BIOS-e820: [mem 0x00000000fed40000-0x00000000fed44fff] reserved
BIOS-e820: [mem 0x00000000fed80000-0x00000000fed87fff] reserved
BIOS-e820: [mem 0x00000000fed90000-0x00000000fed92fff] reserved
BIOS-e820: [mem 0x00000000feda0000-0x00000000feda1fff] reserved
BIOS-e820: [mem 0x00000000fedc0000-0x00000000feddffff] reserved
BIOS-e820: [mem 0x0000000100000000-0x000000087fbfffff] usable
e820: update [mem 0x00000000-0x00000fff] usable ==> reserved
e820: remove [mem 0x000a0000-0x000fffff] usable
e820: update [mem 0x756eb000-0x75739fff] usable ==> reserved
e820: reserve RAM buffer [mem 0x74b89000-0x77ffffff]
e820: reserve RAM buffer [mem 0x756eb000-0x77ffffff]
e820: reserve RAM buffer [mem 0x762f7000-0x77ffffff]
e820: reserve RAM buffer [mem 0x766ae000-0x77ffffff]
e820: reserve RAM buffer [mem 0x767fd000-0x77ffffff]
e820: reserve RAM buffer [mem 0x76b26000-0x77ffffff]
e820: reserve RAM buffer [mem 0x87fc00000-0x87fffffff]
